### 环境 ###
SOURCE_DATE_EPOCH=1786320000
cmake version 4.3.1

### 1. configure ###
-- Configuring done (0.3s)
-- Generating done (1.3s)
-- Build files have been written to: D:/github/my/E-Track/MDK-ARM_F435/cmake-generated/build-gcc-release
CONFIGURE_EXIT=0

### 2. clean（强制全量重建）###
[1/1] Cleaning all built files...
Cleaning... 445 files.
CLEAN_EXIT=0

### 3. build X_Track_App_GCC + X_Track_Boot ###
D:/github/my/E-Track/USER/App/Utils/PageManager/PageFactory.h: In member function 'virtual PageBase* PageFactory::CreatePage(const char*)':
D:/github/my/E-Track/USER/App/Utils/PageManager/PageFactory.h:32:46: warning: unused parameter 'name' [-Wunused-parameter]
   32 |     virtual PageBase* CreatePage(const char* name)
      |                                  ~~~~~~~~~~~~^~~~
Memory region         Used Size  Region Size  %age Used
           FLASH:       14724 B        64 KB     22.47%
             RAM:        9784 B       352 KB      2.71%
   text	   data	    bss	    dec	    hex	filename
  14720	      4	   9780	  24504	   5fb8	D:/github/my/E-Track/MDK-ARM_F435/cmake-generated/build-gcc-release/boot/X-Track-Boot.elf
D:/singlechip/gcc+gdb+openocd/tools/arm-gnu-toolchain-13.3.rel1-ming/bin/../lib/gcc/arm-none-eabi/13.3.1/../../../../arm-none-eabi/bin/ld.exe: D:/singlechip/gcc+gdb+openocd/tools/arm-gnu-toolchain-13.3.rel1-ming/bin/../lib/gcc/arm-none-eabi/13.3.1/thumb/v7e-m+fp/hard\libc_nano.a(libc_a-closer.o): in function `_close_r':
closer.c:(.text._close_r+0xc): warning: _close is not implemented and will always fail
D:/singlechip/gcc+gdb+openocd/tools/arm-gnu-toolchain-13.3.rel1-ming/bin/../lib/gcc/arm-none-eabi/13.3.1/../../../../arm-none-eabi/bin/ld.exe: D:/singlechip/gcc+gdb+openocd/tools/arm-gnu-toolchain-13.3.rel1-ming/bin/../lib/gcc/arm-none-eabi/13.3.1/thumb/v7e-m+fp/hard\libc_nano.a(libc_a-closer.o): note: the message above does not take linker garbage collection into account
D:/singlechip/gcc+gdb+openocd/tools/arm-gnu-toolchain-13.3.rel1-ming/bin/../lib/gcc/arm-none-eabi/13.3.1/../../../../arm-none-eabi/bin/ld.exe: D:/singlechip/gcc+gdb+openocd/tools/arm-gnu-toolchain-13.3.rel1-ming/bin/../lib/gcc/arm-none-eabi/13.3.1/thumb/v7e-m+fp/hard\libc_nano.a(libc_a-fstatr.o): in function `_fstat_r':
fstatr.c:(.text._fstat_r+0xe): warning: _fstat is not implemented and will always fail
D:/singlechip/gcc+gdb+openocd/tools/arm-gnu-toolchain-13.3.rel1-ming/bin/../lib/gcc/arm-none-eabi/13.3.1/../../../../arm-none-eabi/bin/ld.exe: D:/singlechip/gcc+gdb+openocd/tools/arm-gnu-toolchain-13.3.rel1-ming/bin/../lib/gcc/arm-none-eabi/13.3.1/thumb/v7e-m+fp/hard\libc_nano.a(libc_a-fstatr.o): note: the message above does not take linker garbage collection into account
D:/singlechip/gcc+gdb+openocd/tools/arm-gnu-toolchain-13.3.rel1-ming/bin/../lib/gcc/arm-none-eabi/13.3.1/../../../../arm-none-eabi/bin/ld.exe: D:/singlechip/gcc+gdb+openocd/tools/arm-gnu-toolchain-13.3.rel1-ming/bin/../lib/gcc/arm-none-eabi/13.3.1/thumb/v7e-m+fp/hard\libc_nano.a(libc_a-signalr.o): in function `_getpid_r':
signalr.c:(.text._getpid_r+0x0): warning: _getpid is not implemented and will always fail
D:/singlechip/gcc+gdb+openocd/tools/arm-gnu-toolchain-13.3.rel1-ming/bin/../lib/gcc/arm-none-eabi/13.3.1/../../../../arm-none-eabi/bin/ld.exe: D:/singlechip/gcc+gdb+openocd/tools/arm-gnu-toolchain-13.3.rel1-ming/bin/../lib/gcc/arm-none-eabi/13.3.1/thumb/v7e-m+fp/hard\libc_nano.a(libc_a-signalr.o): note: the message above does not take linker garbage collection into account
D:/singlechip/gcc+gdb+openocd/tools/arm-gnu-toolchain-13.3.rel1-ming/bin/../lib/gcc/arm-none-eabi/13.3.1/../../../../arm-none-eabi/bin/ld.exe: D:/singlechip/gcc+gdb+openocd/tools/arm-gnu-toolchain-13.3.rel1-ming/bin/../lib/gcc/arm-none-eabi/13.3.1/thumb/v7e-m+fp/hard\libc_nano.a(libc_a-isattyr.o): in function `_isatty_r':
isattyr.c:(.text._isatty_r+0xc): warning: _isatty is not implemented and will always fail
D:/singlechip/gcc+gdb+openocd/tools/arm-gnu-toolchain-13.3.rel1-ming/bin/../lib/gcc/arm-none-eabi/13.3.1/../../../../arm-none-eabi/bin/ld.exe: D:/singlechip/gcc+gdb+openocd/tools/arm-gnu-toolchain-13.3.rel1-ming/bin/../lib/gcc/arm-none-eabi/13.3.1/thumb/v7e-m+fp/hard\libc_nano.a(libc_a-isattyr.o): note: the message above does not take linker garbage collection into account
D:/singlechip/gcc+gdb+openocd/tools/arm-gnu-toolchain-13.3.rel1-ming/bin/../lib/gcc/arm-none-eabi/13.3.1/../../../../arm-none-eabi/bin/ld.exe: D:/singlechip/gcc+gdb+openocd/tools/arm-gnu-toolchain-13.3.rel1-ming/bin/../lib/gcc/arm-none-eabi/13.3.1/thumb/v7e-m+fp/hard\libc_nano.a(libc_a-signalr.o): in function `_kill_r':
signalr.c:(.text._kill_r+0xe): warning: _kill is not implemented and will always fail
D:/singlechip/gcc+gdb+openocd/tools/arm-gnu-toolchain-13.3.rel1-ming/bin/../lib/gcc/arm-none-eabi/13.3.1/../../../../arm-none-eabi/bin/ld.exe: D:/singlechip/gcc+gdb+openocd/tools/arm-gnu-toolchain-13.3.rel1-ming/bin/../lib/gcc/arm-none-eabi/13.3.1/thumb/v7e-m+fp/hard\libc_nano.a(libc_a-signalr.o): note: the message above does not take linker garbage collection into account
D:/singlechip/gcc+gdb+openocd/tools/arm-gnu-toolchain-13.3.rel1-ming/bin/../lib/gcc/arm-none-eabi/13.3.1/../../../../arm-none-eabi/bin/ld.exe: D:/singlechip/gcc+gdb+openocd/tools/arm-gnu-toolchain-13.3.rel1-ming/bin/../lib/gcc/arm-none-eabi/13.3.1/thumb/v7e-m+fp/hard\libc_nano.a(libc_a-lseekr.o): in function `_lseek_r':
lseekr.c:(.text._lseek_r+0x10): warning: _lseek is not implemented and will always fail
D:/singlechip/gcc+gdb+openocd/tools/arm-gnu-toolchain-13.3.rel1-ming/bin/../lib/gcc/arm-none-eabi/13.3.1/../../../../arm-none-eabi/bin/ld.exe: D:/singlechip/gcc+gdb+openocd/tools/arm-gnu-toolchain-13.3.rel1-ming/bin/../lib/gcc/arm-none-eabi/13.3.1/thumb/v7e-m+fp/hard\libc_nano.a(libc_a-lseekr.o): note: the message above does not take linker garbage collection into account
D:/singlechip/gcc+gdb+openocd/tools/arm-gnu-toolchain-13.3.rel1-ming/bin/../lib/gcc/arm-none-eabi/13.3.1/../../../../arm-none-eabi/bin/ld.exe: D:/singlechip/gcc+gdb+openocd/tools/arm-gnu-toolchain-13.3.rel1-ming/bin/../lib/gcc/arm-none-eabi/13.3.1/thumb/v7e-m+fp/hard\libc_nano.a(libc_a-readr.o): in function `_read_r':
readr.c:(.text._read_r+0x10): warning: _read is not implemented and will always fail
D:/singlechip/gcc+gdb+openocd/tools/arm-gnu-toolchain-13.3.rel1-ming/bin/../lib/gcc/arm-none-eabi/13.3.1/../../../../arm-none-eabi/bin/ld.exe: D:/singlechip/gcc+gdb+openocd/tools/arm-gnu-toolchain-13.3.rel1-ming/bin/../lib/gcc/arm-none-eabi/13.3.1/thumb/v7e-m+fp/hard\libc_nano.a(libc_a-readr.o): note: the message above does not take linker garbage collection into account
D:/singlechip/gcc+gdb+openocd/tools/arm-gnu-toolchain-13.3.rel1-ming/bin/../lib/gcc/arm-none-eabi/13.3.1/../../../../arm-none-eabi/bin/ld.exe: D:/singlechip/gcc+gdb+openocd/tools/arm-gnu-toolchain-13.3.rel1-ming/bin/../lib/gcc/arm-none-eabi/13.3.1/thumb/v7e-m+fp/hard\libc_nano.a(libc_a-writer.o): in function `_write_r':
writer.c:(.text._write_r+0x10): warning: _write is not implemented and will always fail
D:/singlechip/gcc+gdb+openocd/tools/arm-gnu-toolchain-13.3.rel1-ming/bin/../lib/gcc/arm-none-eabi/13.3.1/../../../../arm-none-eabi/bin/ld.exe: D:/singlechip/gcc+gdb+openocd/tools/arm-gnu-toolchain-13.3.rel1-ming/bin/../lib/gcc/arm-none-eabi/13.3.1/thumb/v7e-m+fp/hard\libc_nano.a(libc_a-writer.o): note: the message above does not take linker garbage collection into account
D:/singlechip/gcc+gdb+openocd/tools/arm-gnu-toolchain-13.3.rel1-ming/bin/../lib/gcc/arm-none-eabi/13.3.1/../../../../arm-none-eabi/bin/ld.exe: warning: app-gcc\X-Track-App-GCC.elf has a LOAD segment with RWX permissions
Memory region         Used Size  Region Size  %age Used
           FLASH:      602984 B       960 KB     61.34%
             RAM:        352 KB       352 KB    100.00%
        RW_IRAM2:        160 KB       160 KB    100.00%
   text	   data	    bss	    dec	    hex	filename
 601544	    940	 561688	1164172	 11c38c	D:/github/my/E-Track/MDK-ARM_F435/cmake-generated/build-gcc-release/app-gcc/X-Track-App-GCC.elf
BUILD_EXIT=0
