
========================================
OTA: HANDOFF vtor=0x08010000 primask=0 basepri=0 faultmask=0 control=0 systick=0x00000000 icsr=0x00000000 iser=0x00000000 ispr=0x00000000
Reset: NRST SW
QSPI: JEDEC=0xEF4018 whitelisted, OTA enabled
OTA: BCB already CONFIRMED vcode=20801
LiveMap start: tiles=0 imgCache=8 view=240x320
LiveMap stat: update=49 reload=1 lineHit=612 lineMiss=42 lineReadKB=336 sdMs=38 refrMs=291 refrCnt=27 refrPxK=561
LiveMap stat: update=54 reload=0 lineHit=14 lineMiss=0 lineReadKB=0 sdMs=0 refrMs=229 refrCnt=24 refrPxK=408
LiveMap stat: update=52 reload=0 lineHit=8 lineMiss=6 lineReadKB=48 sdMs=5 refrMs=199 refrCnt=21 refrPxK=395
LiveMap stat: update=53 reload=0 lineHit=12 lineMiss=0 lineReadKB=0 sdMs=0 refrMs=209 refrCnt=24 refrPxK=394
LiveMap stat: update=51 reload=0 lineHit=311 lineMiss=21 lineReadKB=168 sdMs=15 refrMs=188 refrCnt=20 refrPxK=393
LiveMap stat: update=53 reload=0 lineHit=10 lineMiss=2 lineReadKB=16 sdMs=1 refrMs=216 refrCnt=22 refrPxK=394
LiveMap stat: updaLiveMap stat: update=52 reload=0 lineHit=12 lineMiss=2 lineReadKB=16 sdMs=2 refrMs=205 refrCnt=24 refrPxK=394
LiveMap stat: update=52 reload=0 lineHit=10 lineMiss=2 lineReadKB=16 sdMs=2 refrMs=206 refrCnt=24 refrPxK=396
LiveMap stat: update=51 reload=0 lineHit=14 lineMiss=0 lineReadKB=0 sdMs=0 refrMs=199 refrCnt=21 refrPxK=393
LiveMap stat: update=49 reload=0 lineHit=312 lineMiss=19 lineReadKB=152 sdMs=14 refrMs=198 refrCnt=22 refrPxK=393
LiveMap stat: update=52 reload=0 lineHit=8 lineMiss=8 lineReadKB=64 sdMs=8 refrMs=232 refrCnt=22 refrPxK=470
LiveMap stat: update=53 reload=0 lineHit=12 lineMiss=0 lineReadKB=0 sdMs=0 refrMs=218 refrCnt=25 refrPxK=394
LiveMap stat: update=53 reload=0 lineHit=12 lineMiss=2 lineReadKB=16 sdMs=1 refrMs=196 refrCnt=21 refrPxK=393
LiveMap stat: update=50 reload=0 lineHit=309 lineMiss=21 lineReadKB=168 sdMs=15 refrMs=223 refrCnt=25 refrPxK=396
LiveMap stat: update=53 reload=0 lineHit=12 lineMiss=0 lineReadKB=0 sdMs=0 refrMs=200 refrCnt=22 refrPxK=394
LiveMap stat: update=55 reload=0 lineHit=4 lineMiss=2 lineReadKB=16 sdMs=1 refrMs=221 refrCnt=26 refrPxK=394
LiveMap stat: update=51 reload=0 lineHit=306 lineMiss=21 lineReadKB=168 sdMs=15 refrMs=203 refrCnt=22 refrPxK=394
LiveMap stat: update=54 reload=0 lineHit=8 lineMiss=0 lineReadKB=0 sdMs=0 refrMs=207 refrCnt=24 refrPxK=394
LiveMap stat: update=52 reload=0 lineHit=307 lineMiss=20 lineReadKB=160 sdMs=14 refrMs=189 refrCnt=19 refrPxK=393
LiveMap stat: update=54 reload=0 lineHit=2 lineMiss=4 lineReadKB=32 sdMs=3 refrMs=216 refrCnt=25 refrPxK=394
LiveMap stat: update=53 reload=0 lineHit=10 lineMiss=0 lineReadKB=0 sdMs=0 refrMs=205 refrCnt=22 refrPxK=396
LiveMap stat: update=49 reload=0 lineHit=310 lineMiss=21 lineReadKB=168 sdMs=15 refrMs=204 refrCnt=22 refrPxK=396
LiveMap stat: update=52 reload=1 lineHit=8 lineMiss=2 lineReadKB=16 sdMs=2 refrMs=211 refrCnt=22 refrPxK=394
LiveMap stat: update=52 reload=0 lineHit=12 lineMiss=0 lineReadKB=0 sdMs=0 refrMs=209 refrCnt=23 refrPxK=394
LiveMap stat: update=49 reload=0 lineHit=308 lineMiss=21 lineReadKB=168 sdMs=16 refrMs=199 refrCnt=22 refrPxK=394
LiveMap stat: update=52 reload=0 lineHit=10 lineMiss=2 lineReadKB=16 sdMs=2 refrMs=215 refrCnt=24 refrPxK=394
LiveMap stat: update=51 reload=0 lineHit=12 lineMiss=0 lineReadKB=0 sdMs=0 refrMs=204 refrCnt=22 refrPxK=396
LiveMap stat: update=48 reload=0 lineHit=313 lineMiss=21 lineReadKB=168 sdMs=15 refrMs=207 refrCnt=23 refrPxK=394
LiveMap stat: update=52 reload=0 lineHit=14 lineMiss=2 lineReadKB=16 sdMs=2 refrMs=198 refrCnt=22 refrPxK=394
LiveMap stat: update=52 reload=0 lineHit=16 lineMiss=0 lineReadKB=0 sdMs=0 refrMs=212 refrCnt=24 refrPxK=394
LiveMap stat: update=51 reload=0 lineHit=12 lineMiss=2 lineReadKB=16 sdMs=2 refrMs=196 refrCnt=21 refrPxK=394
LiveMap stat: update=52 reload=0 lineHit=16 lineMiss=0 lineReadKB=0 sdMs=0 refrMs=209 refrCnt=24 refrPxK=392
LiveMap stat: update=48 reload=0 lineHit=310 lineMiss=23 lineReadKB=184 sdMs=18 refrMs=192 refrCnt=19 refrPxK=391
LiveMap stat: update=52 reload=0 lineHit=16 lineMiss=0 lineReadKB=0 sdMs=0 refrMs=205 refrCnt=23 refrPxK=392
LiveMap stat: update=52 reload=0 lineHit=8 lineMiss=6 lineReadKB=48 sdMs=6 refrMs=196 refrCnt=20 refrPxK=393
LiveMap stat: update=52 reload=0 lineHit=14 lineMiss=0 lineReadKB=0 sdMs=0 refrMs=209 refrCnt=23 refrPxK=394
LiveMap stat: update=48 reload=0 lineHit=308 lineMiss=27 lineReadKB=216 sdMs=21 refrMs=189 refrCnt=20 refrPxK=393
LiveMap stat: update=52 reload=0 lineHit=14 lineMiss=0 lineReadKB=0 sdMs=0 refrMs=223 refrCnt=24 refrPxK=396
