SEGGER J-Link RTT Logger
Compiled Mar  5 2025 14:43:57
(c) 2016-2017 SEGGER Microcontroller GmbH, www.segger.com
         Solutions for real time microcontroller applications

Default logfile path: D:\github\my\E-Track\.cache\p2-6-rtt-binding-20260829-18\tmp\AppData\Roaming\SEGGER

------------------------------------------------------------ 


------------------------------------------------------------ 
Connected to:
  SEGGER J-Link
  S/N: 4294967295

Searching for RTT Control Block...OK.
3 up-channels found:
0: Terminal
1: 
2: 
Selected RTT Channel description: 
  Index: 0
  Name:  Terminal
  Size:  1024 bytes.

Output file: D:\github\my\E-Track\.cache\p2-6-rtt-binding-20260829-18\logs\rtt.raw.log

Getting RTT data from target. Press any key to quit.
------------------------------------------------------------ 

Transfer rate: 1.42 KB/s Data written: 731 Bytes Transfer rate: 0 Bytes/s Data written: 731 Bytes Transfer rate: 0 Bytes/s Data written: 731 Bytes Transfer rate: 0 Bytes/s Data written: 731 Bytes Transfer rate: 0 Bytes/s Data written: 731 Bytes 