package: name='com.wen.gaia.gaia.p33acceptance' versionCode='86' versionName='1.0.60' platformBuildVersionName='15' platformBuildVersionCode='35' compileSdkVersion='35' compileSdkVersionCodename='15'
sdkVersion:'24'
targetSdkVersion:'36'
uses-permission: name='android.permission.INTERNET'
uses-permission: name='android.permission.REQUEST_INSTALL_PACKAGES'
uses-permission: name='android.permission.BLUETOOTH'
uses-permission: name='android.permission.BLUETOOTH_ADMIN'
uses-permission: name='android.permission.ACCESS_COARSE_LOCATION'
uses-permission: name='android.permission.ACCESS_FINE_LOCATION'
uses-permission: name='android.permission.BLUETOOTH_CONNECT'
uses-permission: name='android.permission.BLUETOOTH_SCAN'
uses-permission: name='android.permission.POST_NOTIFICATIONS'
uses-permission: name='android.permission.USE_FULL_SCREEN_INTENT'
uses-permission: name='android.permission.VIBRATE'
uses-permission: name='android.permission.WAKE_LOCK'
uses-permission: name='android.permission.FOREGROUND_SERVICE'
uses-permission: name='android.permission.FOREGROUND_SERVICE_DATA_SYNC'
uses-permission: name='android.permission.FOREGROUND_SERVICE_LOCATION'
uses-permission: name='android.permission.REQUEST_IGNORE_BATTERY_OPTIMIZATIONS'
uses-permission: name='android.permission.MODIFY_AUDIO_SETTINGS'
uses-permission: name='android.permission.WAKE_LOCK'
uses-permission: name='com.wen.gaia.gaia.p33acceptance.DYNAMIC_RECEIVER_NOT_EXPORTED_PERMISSION'
application-label:'BLE功率计'
application-label-af:'BLE功率计'
application-label-am:'BLE功率计'
application-label-ar:'BLE功率计'
application-label-as:'BLE功率计'
application-label-az:'BLE功率计'
application-label-be:'BLE功率计'
application-label-bg:'BLE功率计'
application-label-bn:'BLE功率计'
application-label-bs:'BLE功率计'
application-label-ca:'BLE功率计'
application-label-cs:'BLE功率计'
application-label-da:'BLE功率计'
application-label-de:'BLE功率计'
application-label-el:'BLE功率计'
application-label-en-AU:'BLE功率计'
application-label-en-CA:'BLE功率计'
application-label-en-GB:'BLE功率计'
application-label-en-IN:'BLE功率计'
application-label-en-XC:'BLE功率计'
application-label-es:'BLE功率计'
application-label-es-US:'BLE功率计'
application-label-et:'BLE功率计'
application-label-eu:'BLE功率计'
application-label-fa:'BLE功率计'
application-label-fi:'BLE功率计'
application-label-fr:'BLE功率计'
application-label-fr-CA:'BLE功率计'
application-label-gl:'BLE功率计'
application-label-gu:'BLE功率计'
application-label-hi:'BLE功率计'
application-label-hr:'BLE功率计'
application-label-hu:'BLE功率计'
application-label-hy:'BLE功率计'
application-label-in:'BLE功率计'
application-label-is:'BLE功率计'
application-label-it:'BLE功率计'
application-label-iw:'BLE功率计'
application-label-ja:'BLE功率计'
application-label-ka:'BLE功率计'
application-label-kk:'BLE功率计'
application-label-km:'BLE功率计'
application-label-kn:'BLE功率计'
application-label-ko:'BLE功率计'
application-label-ky:'BLE功率计'
application-label-lo:'BLE功率计'
application-label-lt:'BLE功率计'
application-label-lv:'BLE功率计'
application-label-mk:'BLE功率计'
application-label-ml:'BLE功率计'
application-label-mn:'BLE功率计'
application-label-mr:'BLE功率计'
application-label-ms:'BLE功率计'
application-label-my:'BLE功率计'
application-label-nb:'BLE功率计'
application-label-ne:'BLE功率计'
application-label-nl:'BLE功率计'
application-label-or:'BLE功率计'
application-label-pa:'BLE功率计'
application-label-pl:'BLE功率计'
application-label-pt:'BLE功率计'
application-label-pt-BR:'BLE功率计'
application-label-pt-PT:'BLE功率计'
application-label-ro:'BLE功率计'
application-label-ru:'BLE功率计'
application-label-si:'BLE功率计'
application-label-sk:'BLE功率计'
application-label-sl:'BLE功率计'
application-label-sq:'BLE功率计'
application-label-sr:'BLE功率计'
application-label-sr-Latn:'BLE功率计'
application-label-sv:'BLE功率计'
application-label-sw:'BLE功率计'
application-label-ta:'BLE功率计'
application-label-te:'BLE功率计'
application-label-th:'BLE功率计'
application-label-tl:'BLE功率计'
application-label-tr:'BLE功率计'
application-label-uk:'BLE功率计'
application-label-ur:'BLE功率计'
application-label-uz:'BLE功率计'
application-label-vi:'BLE功率计'
application-label-zh-CN:'BLE功率计'
application-label-zh-HK:'BLE功率计'
application-label-zh-TW:'BLE功率计'
application-label-zu:'BLE功率计'
application-icon-160:'res/9w.png'
application-icon-240:'res/yn.png'
application-icon-320:'res/FS.png'
application-icon-480:'res/RJ.png'
application-icon-640:'res/o-.png'
application: label='BLE功率计' icon='res/9w.png'
launchable-activity: name='com.wen.gaia.gaia.MainActivity'  label='' icon=''
uses-library-not-required:'androidx.window.extensions'
uses-library-not-required:'androidx.window.sidecar'
feature-group: label=''
  uses-feature: name='android.hardware.bluetooth'
  uses-implied-feature: name='android.hardware.bluetooth' reason='requested android.permission.BLUETOOTH permission, requested android.permission.BLUETOOTH_ADMIN permission, and targetSdkVersion > 4'
  uses-feature: name='android.hardware.faketouch'
  uses-implied-feature: name='android.hardware.faketouch' reason='default feature for all apps'
  uses-feature: name='android.hardware.location'
  uses-implied-feature: name='android.hardware.location' reason='requested android.permission.ACCESS_COARSE_LOCATION permission, and requested android.permission.ACCESS_FINE_LOCATION permission'
main
other-activities
other-receivers
other-services
supports-screens: 'small' 'normal' 'large' 'xlarge'
supports-any-density: 'true'
locales: '--_--' 'af' 'am' 'ar' 'as' 'az' 'be' 'bg' 'bn' 'bs' 'ca' 'cs' 'da' 'de' 'el' 'en-AU' 'en-CA' 'en-GB' 'en-IN' 'en-XC' 'es' 'es-US' 'et' 'eu' 'fa' 'fi' 'fr' 'fr-CA' 'gl' 'gu' 'hi' 'hr' 'hu' 'hy' 'in' 'is' 'it' 'iw' 'ja' 'ka' 'kk' 'km' 'kn' 'ko' 'ky' 'lo' 'lt' 'lv' 'mk' 'ml' 'mn' 'mr' 'ms' 'my' 'nb' 'ne' 'nl' 'or' 'pa' 'pl' 'pt' 'pt-BR' 'pt-PT' 'ro' 'ru' 'si' 'sk' 'sl' 'sq' 'sr' 'sr-Latn' 'sv' 'sw' 'ta' 'te' 'th' 'tl' 'tr' 'uk' 'ur' 'uz' 'vi' 'zh-CN' 'zh-HK' 'zh-TW' 'zu'
densities: '160' '240' '320' '480' '640'
native-code: 'arm64-v8a' 'armeabi-v7a'
